helper_ertn: ERA 0000000000200000
loongarch_cpu_do_interrupt enter: pc 0000000000200000 ERA 0000000000200000 TLBRERA 0000000000000001 Page invalid exception for fetch exception
loongarch_cpu_do_interrupt: PC 900000000022d510 ERA 0000000000200001 cause 3(refill)
, ESTAT 0000000000000000 EXCFG 0000000000000800 BADVA 0000000000200000BADI 0000000000000000 SYS_NUM 0 cpu 0 asid 00000000000a0000
helper_ertn: TLBRERA 0000000000200000
loongarch_cpu_do_interrupt enter: pc 0000000000200004 ERA 0000000000200000 TLBRERA 0000000000200001 Page invalid exception for store exception
loongarch_cpu_do_interrupt: PC 900000000022d510 ERA 0000000000200005 cause 2(refill)
, ESTAT 0000000000000000 EXCFG 0000000000000800 BADVA 000000000020cff8BADI 0000000029c1e061 SYS_NUM 0 cpu 0 asid 00000000000a0000
helper_ertn: TLBRERA 0000000000200004
loongarch_cpu_do_interrupt enter: pc 0000000000203c40 ERA 0000000000200000 TLBRERA 0000000000200005 Page invalid exception for fetch exception
loongarch_cpu_do_interrupt: PC 900000000022d510 ERA 0000000000203c41 cause 3(refill)
, ESTAT 0000000000000000 EXCFG 0000000000000800 BADVA 0000000000203c40BADI 0000000029c1e061 SYS_NUM 0 cpu 0 asid 00000000000a0000
helper_ertn: TLBRERA 0000000000203c40
loongarch_cpu_do_interrupt enter: pc 0000000000203ce0 ERA 0000000000200000 TLBRERA 0000000000203c41 Page invalid exception for store exception
loongarch_cpu_do_interrupt: PC 900000000022d510 ERA 0000000000203ce1 cause 2(refill)
, ESTAT 0000000000000000 EXCFG 0000000000000800 BADVA 0000000000205000BADI 0000000029c000e9 SYS_NUM 0 cpu 0 asid 00000000000a0000
helper_ertn: TLBRERA 0000000000203ce0
loongarch_cpu_do_interrupt enter: pc 0000000000203ce0 ERA 0000000000200000 TLBRERA 0000000000203ce1 Page invalid exception for store exception
loongarch_cpu_do_interrupt: PC 900000000022d510 ERA 0000000000203ce1 cause 2(refill)
, ESTAT 0000000000000000 EXCFG 0000000000000800 BADVA 0000000000206000BADI 0000000029c000e9 SYS_NUM 0 cpu 0 asid 00000000000a0000
helper_ertn: TLBRERA 0000000000203ce0
loongarch_cpu_do_interrupt enter: pc 0000000000203ce0 ERA 0000000000200000 TLBRERA 0000000000203ce1 Page invalid exception for store exception
loongarch_cpu_do_interrupt: PC 900000000022d510 ERA 0000000000203ce1 cause 2(refill)
, ESTAT 0000000000000000 EXCFG 0000000000000800 BADVA 0000000000208000BADI 0000000029c000e9 SYS_NUM 0 cpu 0 asid 00000000000a0000
helper_ertn: TLBRERA 0000000000203ce0
do_raise_exception: 11 (Syscall)
loongarch_cpu_do_interrupt enter: pc 0000000000200408 ERA 0000000000200000 TLBRERA 0000000000203ce0 Syscall exception
loongarch_cpu_do_interrupt: PC 9000000000204000 ERA 0000000000200408 cause 11
, ESTAT 00000000000b0000 EXCFG 0000000000000800 BADVA 0000000000200408BADI 00000000002b0000 SYS_NUM 220 cpu 0 asid 00000000000a0000
helper_ertn: ERA 000000000020040c
do_raise_exception: 11 (Syscall)
loongarch_cpu_do_interrupt enter: pc 000000000020044c ERA 000000000020040c TLBRERA 0000000000203ce0 Syscall exception
loongarch_cpu_do_interrupt: PC 9000000000204000 ERA 000000000020044c cause 11
, ESTAT 00000000000b0000 EXCFG 0000000000000800 BADVA 000000000020044cBADI 00000000002b0000 SYS_NUM 260 cpu 0 asid 00000000000a0000
helper_ertn: ERA 000000000020040c
loongarch_cpu_do_interrupt enter: pc 000000000020040c ERA 000000000020040c TLBRERA 0000000000203ce1 Page invalid exception for fetch exception
loongarch_cpu_do_interrupt: PC 900000000022d510 ERA 000000000020040d cause 3(refill)
, ESTAT 00000000000b0000 EXCFG 0000000000000800 BADVA 000000000020040cBADI 00000000002b0000 SYS_NUM 220 cpu 0 asid 00000000000a0002
helper_ertn: TLBRERA 000000000020040c
do_raise_exception: 11 (Syscall)
loongarch_cpu_do_interrupt enter: pc 00000000002004c8 ERA 000000000020040c TLBRERA 000000000020040c Syscall exception
loongarch_cpu_do_interrupt: PC 9000000000204000 ERA 00000000002004c8 cause 11
, ESTAT 00000000000b0000 EXCFG 0000000000000800 BADVA 00000000002004c8BADI 00000000002b0000 SYS_NUM 221 cpu 0 asid 00000000000a0002
helper_ertn: ERA 0000000000200000
loongarch_cpu_do_interrupt: PC 9000000000204000 ERA 0000000000200000 cause 0
    A 00000000002004c8 D 0000000000000000 vector = 11 ExC 0000000000000800ExS0000000000000800
helper_ertn: ERA 0000000000200000
loongarch_cpu_do_interrupt enter: pc 0000000000200000 ERA 0000000000200000 TLBRERA 000000000020040d Page invalid exception for fetch exception
loongarch_cpu_do_interrupt: PC 900000000022d510 ERA 0000000000200001 cause 3(refill)
, ESTAT 0000000000000000 EXCFG 0000000000000800 BADVA 0000000000200000BADI 00000000002b0000 SYS_NUM 0 cpu 0 asid 00000000000a0003
helper_ertn: TLBRERA 0000000000200000
loongarch_cpu_do_interrupt enter: pc 0000000000200004 ERA 0000000000200000 TLBRERA 0000000000200001 Page invalid exception for store exception
loongarch_cpu_do_interrupt: PC 900000000022d510 ERA 0000000000200005 cause 2(refill)
, ESTAT 0000000000000000 EXCFG 0000000000000800 BADVA 000000000020ef60BADI 0000000029c1e061 SYS_NUM 0 cpu 0 asid 00000000000a0003
helper_ertn: TLBRERA 0000000000200004
loongarch_cpu_do_interrupt enter: pc 00000000002051e0 ERA 0000000000200000 TLBRERA 0000000000200005 Page invalid exception for fetch exception
loongarch_cpu_do_interrupt: PC 900000000022d510 ERA 00000000002051e1 cause 3(refill)
, ESTAT 0000000000000000 EXCFG 0000000000000800 BADVA 00000000002051e0BADI 0000000029c1e061 SYS_NUM 0 cpu 0 asid 00000000000a0003
helper_ertn: TLBRERA 00000000002051e0
loongarch_cpu_do_interrupt enter: pc 0000000000205280 ERA 0000000000200000 TLBRERA 00000000002051e1 Page invalid exception for store exception
loongarch_cpu_do_interrupt: PC 900000000022d510 ERA 0000000000205281 cause 2(refill)
, ESTAT 0000000000000000 EXCFG 0000000000000800 BADVA 0000000000207000BADI 0000000029c000e9 SYS_NUM 0 cpu 0 asid 00000000000a0003
helper_ertn: TLBRERA 0000000000205280
loongarch_cpu_do_interrupt enter: pc 0000000000205280 ERA 0000000000200000 TLBRERA 0000000000205281 Page invalid exception for store exception
loongarch_cpu_do_interrupt: PC 900000000022d510 ERA 0000000000205281 cause 2(refill)
, ESTAT 0000000000000000 EXCFG 0000000000000800 BADVA 0000000000208000BADI 0000000029c000e9 SYS_NUM 0 cpu 0 asid 00000000000a0003
helper_ertn: TLBRERA 0000000000205280
loongarch_cpu_do_interrupt enter: pc 0000000000205280 ERA 0000000000200000 TLBRERA 0000000000205281 Page invalid exception for store exception
loongarch_cpu_do_interrupt: PC 900000000022d510 ERA 0000000000205281 cause 2(refill)
, ESTAT 0000000000000000 EXCFG 0000000000000800 BADVA 000000000020a000BADI 0000000029c000e9 SYS_NUM 0 cpu 0 asid 00000000000a0003
helper_ertn: TLBRERA 0000000000205280
loongarch_cpu_do_interrupt enter: pc 0000000000203804 ERA 0000000000200000 TLBRERA 0000000000205281 Page invalid exception for fetch exception
loongarch_cpu_do_interrupt: PC 900000000022d510 ERA 0000000000203805 cause 3(refill)
, ESTAT 0000000000000000 EXCFG 0000000000000800 BADVA 0000000000203804BADI 0000000029c000e9 SYS_NUM 31 cpu 0 asid 00000000000a0003
helper_ertn: TLBRERA 0000000000203804
do_raise_exception: 11 (Syscall)
loongarch_cpu_do_interrupt enter: pc 0000000000204598 ERA 0000000000200000 TLBRERA 0000000000203804 Syscall exception
loongarch_cpu_do_interrupt: PC 9000000000204000 ERA 0000000000204598 cause 11
, ESTAT 00000000000b0000 EXCFG 0000000000000800 BADVA 0000000000204598BADI 00000000002b0000 SYS_NUM 64 cpu 0 asid 00000000000a0003
helper_ertn: ERA 000000000020459c
do_raise_exception: 11 (Syscall)
loongarch_cpu_do_interrupt enter: pc 0000000000204598 ERA 000000000020459c TLBRERA 0000000000203804 Syscall exception
loongarch_cpu_do_interrupt: PC 9000000000204000 ERA 0000000000204598 cause 11
, ESTAT 00000000000b0000 EXCFG 0000000000000800 BADVA 0000000000204598BADI 00000000002b0000 SYS_NUM 64 cpu 0 asid 00000000000a0003
helper_ertn: ERA 000000000020459c
do_raise_exception: 11 (Syscall)
loongarch_cpu_do_interrupt enter: pc 0000000000200660 ERA 000000000020459c TLBRERA 0000000000203804 Syscall exception
loongarch_cpu_do_interrupt: PC 9000000000204000 ERA 0000000000200660 cause 11
, ESTAT 00000000000b0000 EXCFG 0000000000000800 BADVA 0000000000200660BADI 00000000002b0000 SYS_NUM 63 cpu 0 asid 00000000000a0003
helper_ertn: ERA 0000000000200664
loongarch_cpu_do_interrupt: PC 9000000000204000 ERA 0000000000200664 cause 0
    A 0000000000200660 D 0000000000000000 vector = 11 ExC 0000000000000800ExS0000000000000800
helper_ertn: ERA 0000000000200664
loongarch_cpu_do_interrupt: PC 9000000000204000 ERA 0000000000201db8 cause 0
    A 0000000000200660 D 0000000000000000 vector = 11 ExC 0000000000000800ExS0000000000000800
helper_ertn: ERA 0000000000201db8
do_raise_exception: 11 (Syscall)
loongarch_cpu_do_interrupt enter: pc 0000000000204598 ERA 0000000000201db8 TLBRERA 0000000000203804 Syscall exception
loongarch_cpu_do_interrupt: PC 9000000000204000 ERA 0000000000204598 cause 11
, ESTAT 00000000000b0000 EXCFG 0000000000000800 BADVA 0000000000204598BADI 00000000002b0000 SYS_NUM 64 cpu 0 asid 00000000000a0003
helper_ertn: ERA 000000000020459c
do_raise_exception: 11 (Syscall)
loongarch_cpu_do_interrupt enter: pc 0000000000200660 ERA 000000000020459c TLBRERA 0000000000203804 Syscall exception
loongarch_cpu_do_interrupt: PC 9000000000204000 ERA 0000000000200660 cause 11
, ESTAT 00000000000b0000 EXCFG 0000000000000800 BADVA 0000000000200660BADI 00000000002b0000 SYS_NUM 63 cpu 0 asid 00000000000a0003
helper_ertn: ERA 0000000000200664
do_raise_exception: 11 (Syscall)
loongarch_cpu_do_interrupt enter: pc 0000000000204598 ERA 0000000000200664 TLBRERA 0000000000203804 Syscall exception
loongarch_cpu_do_interrupt: PC 9000000000204000 ERA 0000000000204598 cause 11
, ESTAT 00000000000b0000 EXCFG 0000000000000800 BADVA 0000000000204598BADI 00000000002b0000 SYS_NUM 64 cpu 0 asid 00000000000a0003
helper_ertn: ERA 000000000020459c
do_raise_exception: 11 (Syscall)
loongarch_cpu_do_interrupt enter: pc 0000000000200660 ERA 000000000020459c TLBRERA 0000000000203804 Syscall exception
loongarch_cpu_do_interrupt: PC 9000000000204000 ERA 0000000000200660 cause 11
, ESTAT 00000000000b0000 EXCFG 0000000000000800 BADVA 0000000000200660BADI 00000000002b0000 SYS_NUM 63 cpu 0 asid 00000000000a0003
helper_ertn: ERA 0000000000200664
do_raise_exception: 11 (Syscall)
loongarch_cpu_do_interrupt enter: pc 0000000000204598 ERA 0000000000200664 TLBRERA 0000000000203804 Syscall exception
loongarch_cpu_do_interrupt: PC 9000000000204000 ERA 0000000000204598 cause 11
, ESTAT 00000000000b0000 EXCFG 0000000000000800 BADVA 0000000000204598BADI 00000000002b0000 SYS_NUM 64 cpu 0 asid 00000000000a0003
helper_ertn: ERA 000000000020459c
do_raise_exception: 11 (Syscall)
loongarch_cpu_do_interrupt enter: pc 0000000000200660 ERA 000000000020459c TLBRERA 0000000000203804 Syscall exception
loongarch_cpu_do_interrupt: PC 9000000000204000 ERA 0000000000200660 cause 11
, ESTAT 00000000000b0000 EXCFG 0000000000000800 BADVA 0000000000200660BADI 00000000002b0000 SYS_NUM 63 cpu 0 asid 00000000000a0003
helper_ertn: ERA 0000000000200664
do_raise_exception: 11 (Syscall)
loongarch_cpu_do_interrupt enter: pc 0000000000204598 ERA 0000000000200664 TLBRERA 0000000000203804 Syscall exception
loongarch_cpu_do_interrupt: PC 9000000000204000 ERA 0000000000204598 cause 11
, ESTAT 00000000000b0000 EXCFG 0000000000000800 BADVA 0000000000204598BADI 00000000002b0000 SYS_NUM 64 cpu 0 asid 00000000000a0003
helper_ertn: ERA 000000000020459c
do_raise_exception: 11 (Syscall)
loongarch_cpu_do_interrupt enter: pc 0000000000200660 ERA 000000000020459c TLBRERA 0000000000203804 Syscall exception
loongarch_cpu_do_interrupt: PC 9000000000204000 ERA 0000000000200660 cause 11
, ESTAT 00000000000b0000 EXCFG 0000000000000800 BADVA 0000000000200660BADI 00000000002b0000 SYS_NUM 63 cpu 0 asid 00000000000a0003
helper_ertn: ERA 0000000000200664
do_raise_exception: 11 (Syscall)
loongarch_cpu_do_interrupt enter: pc 0000000000204598 ERA 0000000000200664 TLBRERA 0000000000203804 Syscall exception
loongarch_cpu_do_interrupt: PC 9000000000204000 ERA 0000000000204598 cause 11
, ESTAT 00000000000b0000 EXCFG 0000000000000800 BADVA 0000000000204598BADI 00000000002b0000 SYS_NUM 64 cpu 0 asid 00000000000a0003
helper_ertn: ERA 000000000020459c
do_raise_exception: 11 (Syscall)
loongarch_cpu_do_interrupt enter: pc 0000000000200bbc ERA 000000000020459c TLBRERA 0000000000203804 Syscall exception
loongarch_cpu_do_interrupt: PC 9000000000204000 ERA 0000000000200bbc cause 11
, ESTAT 00000000000b0000 EXCFG 0000000000000800 BADVA 0000000000200bbcBADI 00000000002b0000 SYS_NUM 220 cpu 0 asid 00000000000a0003
helper_ertn: ERA 0000000000200bc0
do_raise_exception: 11 (Syscall)
loongarch_cpu_do_interrupt enter: pc 0000000000200be4 ERA 0000000000200bc0 TLBRERA 0000000000203804 Syscall exception
loongarch_cpu_do_interrupt: PC 9000000000204000 ERA 0000000000200be4 cause 11
, ESTAT 00000000000b0000 EXCFG 0000000000000800 BADVA 0000000000200be4BADI 00000000002b0000 SYS_NUM 260 cpu 0 asid 00000000000a0003
helper_ertn: ERA 0000000000200bc0
loongarch_cpu_do_interrupt enter: pc 0000000000200bc0 ERA 0000000000200bc0 TLBRERA 0000000000203805 Page invalid exception for fetch exception
loongarch_cpu_do_interrupt: PC 900000000022d510 ERA 0000000000200bc1 cause 3(refill)
, ESTAT 00000000000b0000 EXCFG 0000000000000800 BADVA 0000000000200bc0BADI 00000000002b0000 SYS_NUM 220 cpu 0 asid 00000000000a0002
helper_ertn: TLBRERA 0000000000200bc0
loongarch_cpu_do_interrupt enter: pc 0000000000200bc0 ERA 0000000000200bc0 TLBRERA 0000000000200bc1 Page invalid exception for store exception
loongarch_cpu_do_interrupt: PC 900000000022d510 ERA 0000000000200bc1 cause 2(refill)
, ESTAT 00000000000b0000 EXCFG 0000000000000800 BADVA 000000000020edb8BADI 0000000029c28064 SYS_NUM 220 cpu 0 asid 00000000000a0002
helper_ertn: TLBRERA 0000000000200bc0
loongarch_cpu_do_interrupt enter: pc 0000000000200e48 ERA 0000000000200bc0 TLBRERA 0000000000200bc1 Page invalid exception for load exception
loongarch_cpu_do_interrupt: PC 900000000022d510 ERA 0000000000200e49 cause 1(refill)
, ESTAT 00000000000b0000 EXCFG 0000000000000800 BADVA 0000000000207068BADI 0000000028c02084 SYS_NUM 220 cpu 0 asid 00000000000a0002
helper_ertn: TLBRERA 0000000000200e48
do_raise_exception: 11 (Syscall)
loongarch_cpu_do_interrupt enter: pc 0000000000200e5c ERA 0000000000200bc0 TLBRERA 0000000000200e48 Syscall exception
loongarch_cpu_do_interrupt: PC 9000000000204000 ERA 0000000000200e5c cause 11
, ESTAT 00000000000b0000 EXCFG 0000000000000800 BADVA 0000000000200e5cBADI 00000000002b0000 SYS_NUM 221 cpu 0 asid 00000000000a0002
helper_ertn: ERA 0000000000001000
loongarch_cpu_do_interrupt: PC 9000000000204000 ERA 0000000000001000 cause 0
    A 0000000000200e5c D 0000000000000000 vector = 11 ExC 0000000000000800ExS0000000000000800
helper_ertn: ERA 0000000000001000
loongarch_cpu_do_interrupt enter: pc 0000000000001000 ERA 0000000000001000 TLBRERA 0000000000200e49 Page invalid exception for fetch exception
loongarch_cpu_do_interrupt: PC 900000000022d510 ERA 0000000000001001 cause 3(refill)
, ESTAT 0000000000000000 EXCFG 0000000000000800 BADVA 0000000000001000BADI 00000000002b0000 SYS_NUM 0 cpu 0 asid 00000000000a0004
helper_ertn: TLBRERA 0000000000001000
loongarch_cpu_do_interrupt enter: pc 0000000000001160 ERA 0000000000001000 TLBRERA 0000000000001001 Page invalid exception for load exception
loongarch_cpu_do_interrupt: PC 900000000022d510 ERA 0000000000001161 cause 1(refill)
, ESTAT 0000000000000000 EXCFG 0000000000000800 BADVA 0000000000005f58BADI 0000000024000084 SYS_NUM 0 cpu 0 asid 00000000000a0004
helper_ertn: TLBRERA 0000000000001160
loongarch_cpu_do_interrupt enter: pc 0000000000001b3c ERA 0000000000001000 TLBRERA 0000000000001161 Page invalid exception for load exception
loongarch_cpu_do_interrupt: PC 900000000022d510 ERA 0000000000001b3d cause 1(refill)
, ESTAT 0000000000000000 EXCFG 0000000000000800 BADVA 00000000000025d0BADI 000000002600018d SYS_NUM 0 cpu 0 asid 00000000000a0004
helper_ertn: TLBRERA 0000000000001b3c
do_raise_exception: 11 (Syscall)
loongarch_cpu_do_interrupt enter: pc 00000000000020d8 ERA 0000000000001000 TLBRERA 0000000000001b3c Syscall exception
loongarch_cpu_do_interrupt: PC 9000000000204000 ERA 00000000000020d8 cause 11
, ESTAT 00000000000b0000 EXCFG 0000000000000800 BADVA 00000000000020d8BADI 00000000002b0000 SYS_NUM 64 cpu 0 asid 00000000000a0004
helper_ertn: ERA 00000000000020dc
do_raise_exception: 11 (Syscall)
loongarch_cpu_do_interrupt enter: pc 00000000000020d8 ERA 00000000000020dc TLBRERA 0000000000001b3c Syscall exception
loongarch_cpu_do_interrupt: PC 9000000000204000 ERA 00000000000020d8 cause 11
, ESTAT 00000000000b0000 EXCFG 0000000000000800 BADVA 00000000000020d8BADI 00000000002b0000 SYS_NUM 64 cpu 0 asid 00000000000a0004
helper_ertn: ERA 00000000000020dc
do_raise_exception: 11 (Syscall)
loongarch_cpu_do_interrupt enter: pc 00000000000020d8 ERA 00000000000020dc TLBRERA 0000000000001b3c Syscall exception
loongarch_cpu_do_interrupt: PC 9000000000204000 ERA 00000000000020d8 cause 11
, ESTAT 00000000000b0000 EXCFG 0000000000000800 BADVA 00000000000020d8BADI 00000000002b0000 SYS_NUM 64 cpu 0 asid 00000000000a0004
helper_ertn: ERA 00000000000020dc
do_raise_exception: 11 (Syscall)
loongarch_cpu_do_interrupt enter: pc 0000000000002098 ERA 00000000000020dc TLBRERA 0000000000001b3c Syscall exception
loongarch_cpu_do_interrupt: PC 9000000000204000 ERA 0000000000002098 cause 11
, ESTAT 00000000000b0000 EXCFG 0000000000000800 BADVA 0000000000002098BADI 00000000002b0000 SYS_NUM 56 cpu 0 asid 00000000000a0004
helper_ertn: ERA 000000000000209c
do_raise_exception: 11 (Syscall)
loongarch_cpu_do_interrupt enter: pc 00000000000020d8 ERA 000000000000209c TLBRERA 0000000000001b3c Syscall exception
loongarch_cpu_do_interrupt: PC 9000000000204000 ERA 00000000000020d8 cause 11
, ESTAT 00000000000b0000 EXCFG 0000000000000800 BADVA 00000000000020d8BADI 00000000002b0000 SYS_NUM 64 cpu 0 asid 00000000000a0004
helper_ertn: ERA 00000000000020dc
do_raise_exception: 11 (Syscall)
loongarch_cpu_do_interrupt enter: pc 00000000000022d4 ERA 00000000000020dc TLBRERA 0000000000001b3c Syscall exception
loongarch_cpu_do_interrupt: PC 9000000000204000 ERA 00000000000022d4 cause 11
, ESTAT 00000000000b0000 EXCFG 0000000000000800 BADVA 00000000000022d4BADI 00000000002b0000 SYS_NUM 291 cpu 0 asid 00000000000a0004
helper_ertn: ERA 00000000000022d8
do_raise_exception: 11 (Syscall)
loongarch_cpu_do_interrupt enter: pc 00000000000020d8 ERA 00000000000022d8 TLBRERA 0000000000001b3c Syscall exception
loongarch_cpu_do_interrupt: PC 9000000000204000 ERA 00000000000020d8 cause 11
, ESTAT 00000000000b0000 EXCFG 0000000000000800 BADVA 00000000000020d8BADI 00000000002b0000 SYS_NUM 64 cpu 0 asid 00000000000a0004
helper_ertn: ERA 00000000000020dc
do_raise_exception: 11 (Syscall)
loongarch_cpu_do_interrupt enter: pc 00000000000020d8 ERA 00000000000020dc TLBRERA 0000000000001b3c Syscall exception
loongarch_cpu_do_interrupt: PC 9000000000204000 ERA 00000000000020d8 cause 11
, ESTAT 00000000000b0000 EXCFG 0000000000000800 BADVA 00000000000020d8BADI 00000000002b0000 SYS_NUM 64 cpu 0 asid 00000000000a0004
helper_ertn: ERA 00000000000020dc
do_raise_exception: 11 (Syscall)
loongarch_cpu_do_interrupt enter: pc 00000000000020d8 ERA 00000000000020dc TLBRERA 0000000000001b3c Syscall exception
loongarch_cpu_do_interrupt: PC 9000000000204000 ERA 00000000000020d8 cause 11
, ESTAT 00000000000b0000 EXCFG 0000000000000800 BADVA 00000000000020d8BADI 00000000002b0000 SYS_NUM 64 cpu 0 asid 00000000000a0004
helper_ertn: ERA 00000000000020dc
do_raise_exception: 11 (Syscall)
loongarch_cpu_do_interrupt enter: pc 00000000000020d8 ERA 00000000000020dc TLBRERA 0000000000001b3c Syscall exception
loongarch_cpu_do_interrupt: PC 9000000000204000 ERA 00000000000020d8 cause 11
, ESTAT 00000000000b0000 EXCFG 0000000000000800 BADVA 00000000000020d8BADI 00000000002b0000 SYS_NUM 64 cpu 0 asid 00000000000a0004
helper_ertn: ERA 00000000000020dc
do_raise_exception: 11 (Syscall)
loongarch_cpu_do_interrupt enter: pc 0000000000002250 ERA 00000000000020dc TLBRERA 0000000000001b3c Syscall exception
loongarch_cpu_do_interrupt: PC 9000000000204000 ERA 0000000000002250 cause 11
, ESTAT 00000000000b0000 EXCFG 0000000000000800 BADVA 0000000000002250BADI 00000000002b0000 SYS_NUM 222 cpu 0 asid 00000000000a0004
helper_ertn: ERA 0000000000002254
do_raise_exception: 11 (Syscall)
loongarch_cpu_do_interrupt enter: pc 00000000000020d8 ERA 0000000000002254 TLBRERA 0000000000001b3c Syscall exception
loongarch_cpu_do_interrupt: PC 9000000000204000 ERA 00000000000020d8 cause 11
, ESTAT 00000000000b0000 EXCFG 0000000000000800 BADVA 00000000000020d8BADI 00000000002b0000 SYS_NUM 64 cpu 0 asid 00000000000a0004
helper_ertn: ERA 00000000000020dc
do_raise_exception: 11 (Syscall)
loongarch_cpu_do_interrupt enter: pc 00000000000020d8 ERA 00000000000020dc TLBRERA 0000000000001b3c Syscall exception
loongarch_cpu_do_interrupt: PC 9000000000204000 ERA 00000000000020d8 cause 11
, ESTAT 00000000000b0000 EXCFG 0000000000000800 BADVA 00000000000020d8BADI 00000000002b0000 SYS_NUM 64 cpu 0 asid 00000000000a0004
helper_ertn: ERA 00000000000020dc
loongarch_cpu_do_interrupt enter: pc 0000000000001bfc ERA 00000000000020dc TLBRERA 0000000000001b3d Page invalid exception for load exception
loongarch_cpu_do_interrupt: PC 900000000022d510 ERA 0000000000001bfd cause 1(refill)
, ESTAT 00000000000b0000 EXCFG 0000000000000800 BADVA 0000000040000000BADI 000000002a00018d SYS_NUM 64 cpu 0 asid 00000000000a0004
helper_ertn: TLBRERA 0000000000001bfc
loongarch_cpu_do_interrupt enter: pc 0000000000001bfc ERA 00000000000020dc TLBRERA 0000000000001bfc Page invalid exception for load exception
loongarch_cpu_do_interrupt: PC 9000000000204000 ERA 0000000000001bfc cause 1
, ESTAT 0000000000010000 EXCFG 0000000000000800 BADVA 0000000040000000BADI 000000002a00018d SYS_NUM 64 cpu 0 asid 00000000000a0004
helper_ertn: ERA 0000000000200be8
loongarch_cpu_do_interrupt: PC 9000000000204000 ERA 0000000000200be8 cause 0
    A 0000000040000000 D 0000000000000000 vector = 11 ExC 0000000000000800ExS0000000000000800
helper_ertn: ERA 0000000000200be8
loongarch_cpu_do_interrupt enter: pc 0000000000200be8 ERA 0000000000200be8 TLBRERA 0000000000001bfd Page invalid exception for fetch exception
loongarch_cpu_do_interrupt: PC 900000000022d510 ERA 0000000000200be9 cause 3(refill)
, ESTAT 0000000000000000 EXCFG 0000000000000800 BADVA 0000000000200be8BADI 000000002a00018d SYS_NUM 260 cpu 0 asid 00000000000a0003
helper_ertn: TLBRERA 0000000000200be8
do_raise_exception: 11 (Syscall)
loongarch_cpu_do_interrupt enter: pc 0000000000204598 ERA 0000000000200be8 TLBRERA 0000000000200be8 Syscall exception
loongarch_cpu_do_interrupt: PC 9000000000204000 ERA 0000000000204598 cause 11
, ESTAT 00000000000b0000 EXCFG 0000000000000800 BADVA 0000000000204598BADI 00000000002b0000 SYS_NUM 64 cpu 0 asid 00000000000a0003
helper_ertn: ERA 000000000020459c
do_raise_exception: 11 (Syscall)
loongarch_cpu_do_interrupt enter: pc 0000000000204598 ERA 000000000020459c TLBRERA 0000000000200be8 Syscall exception
loongarch_cpu_do_interrupt: PC 9000000000204000 ERA 0000000000204598 cause 11
, ESTAT 00000000000b0000 EXCFG 0000000000000800 BADVA 0000000000204598BADI 00000000002b0000 SYS_NUM 64 cpu 0 asid 00000000000a0003
helper_ertn: ERA 000000000020459c
do_raise_exception: 11 (Syscall)
loongarch_cpu_do_interrupt enter: pc 0000000000200660 ERA 000000000020459c TLBRERA 0000000000200be8 Syscall exception
loongarch_cpu_do_interrupt: PC 9000000000204000 ERA 0000000000200660 cause 11
, ESTAT 00000000000b0000 EXCFG 0000000000000800 BADVA 0000000000200660BADI 00000000002b0000 SYS_NUM 63 cpu 0 asid 00000000000a0003
